--------------------------------------------------------------------------------
Release 14.7 Trace  (nt64)
Copyright (c) 1995-2013 Xilinx, Inc.  All rights reserved.

C:\Xilinx\14.7\ISE_DS\ISE\bin\nt64\unwrapped\trce.exe -intstyle ise -v 3 -s 4
-n 3 -fastpaths -xml CL15.twx CL15.ncd -o CL15.twr CL15.pcf

Design file:              CL15.ncd
Physical constraint file: CL15.pcf
Device,package,speed:     xc3s100e,tq144,-4 (PRODUCTION 1.27 2013-10-13)
Report level:             verbose report

Environment Variable      Effect 
--------------------      ------ 
NONE                      No environment variables were set
--------------------------------------------------------------------------------

INFO:Timing:2698 - No timing constraints found, doing default enumeration.
INFO:Timing:3412 - To improve timing, see the Timing Closure User Guide (UG612).
INFO:Timing:2752 - To get complete path coverage, use the unconstrained paths 
   option. All paths that are not constrained will be reported in the 
   unconstrained paths section(s) of the report.
INFO:Timing:3339 - The clock-to-out numbers in this timing report are based on 
   a 50 Ohm transmission line loading model.  For the details of this model, 
   and for more information on accounting for different loading conditions, 
   please see the device datasheet.
INFO:Timing:3390 - This architecture does not support a default System Jitter 
   value, please add SYSTEM_JITTER constraint to the UCF to modify the Clock 
   Uncertainty calculation.
INFO:Timing:3389 - This architecture does not support 'Discrete Jitter' and 
   'Phase Error' calculations, these terms will be zero in the Clock 
   Uncertainty calculation.  Please make appropriate modification to 
   SYSTEM_JITTER to account for the unsupported Discrete Jitter and Phase 
   Error.



Data Sheet report:
-----------------
All values displayed in nanoseconds (ns)

Pad to Pad
---------------+---------------+---------+
Source Pad     |Destination Pad|  Delay  |
---------------+---------------+---------+
A0             |C              |   18.989|
A0             |S0             |    8.583|
A0             |S1             |    9.920|
A0             |S2             |   10.551|
A0             |S3             |   12.845|
A0             |S4             |   12.707|
A0             |S5             |   14.647|
A0             |S6             |   14.313|
A0             |S7             |   14.467|
A0             |S8             |   16.440|
A0             |S9             |   15.917|
A0             |S10            |   14.829|
A0             |S11            |   16.829|
A0             |S12            |   17.103|
A0             |S13            |   17.980|
A0             |S14            |   19.649|
A0             |V              |   20.109|
A1             |C              |   17.830|
A1             |S1             |    7.967|
A1             |S2             |    9.051|
A1             |S3             |   11.686|
A1             |S4             |   11.548|
A1             |S5             |   13.488|
A1             |S6             |   13.154|
A1             |S7             |   13.308|
A1             |S8             |   15.281|
A1             |S9             |   14.758|
A1             |S10            |   13.670|
A1             |S11            |   15.670|
A1             |S12            |   15.944|
A1             |S13            |   16.821|
A1             |S14            |   18.490|
A1             |V              |   18.950|
A2             |C              |   18.459|
A2             |S2             |    7.637|
A2             |S3             |   12.315|
A2             |S4             |   12.177|
A2             |S5             |   14.117|
A2             |S6             |   13.783|
A2             |S7             |   13.937|
A2             |S8             |   15.910|
A2             |S9             |   15.387|
A2             |S10            |   14.299|
A2             |S11            |   16.299|
A2             |S12            |   16.573|
A2             |S13            |   17.450|
A2             |S14            |   19.119|
A2             |V              |   19.579|
A3             |C              |   17.501|
A3             |S3             |    7.849|
A3             |S4             |    8.795|
A3             |S5             |   10.795|
A3             |S6             |   12.825|
A3             |S7             |   12.979|
A3             |S8             |   14.952|
A3             |S9             |   14.429|
A3             |S10            |   13.341|
A3             |S11            |   15.341|
A3             |S12            |   15.615|
A3             |S13            |   16.492|
A3             |S14            |   18.161|
A3             |V              |   18.621|
A4             |C              |   18.259|
A4             |S4             |   10.042|
A4             |S5             |   12.007|
A4             |S6             |   13.583|
A4             |S7             |   13.737|
A4             |S8             |   15.710|
A4             |S9             |   15.187|
A4             |S10            |   14.099|
A4             |S11            |   16.099|
A4             |S12            |   16.373|
A4             |S13            |   17.250|
A4             |S14            |   18.919|
A4             |V              |   19.379|
A5             |C              |   18.218|
A5             |S5             |    7.468|
A5             |S6             |   13.542|
A5             |S7             |   13.696|
A5             |S8             |   15.669|
A5             |S9             |   15.146|
A5             |S10            |   14.058|
A5             |S11            |   16.058|
A5             |S12            |   16.332|
A5             |S13            |   17.209|
A5             |S14            |   18.878|
A5             |V              |   19.338|
A6             |C              |   14.781|
A6             |S6             |    6.822|
A6             |S7             |    9.341|
A6             |S8             |   10.110|
A6             |S9             |   11.709|
A6             |S10            |   10.621|
A6             |S11            |   12.621|
A6             |S12            |   12.895|
A6             |S13            |   13.772|
A6             |S14            |   15.441|
A6             |V              |   15.901|
A7             |C              |   14.577|
A7             |S7             |    8.995|
A7             |S8             |   10.418|
A7             |S9             |   11.505|
A7             |S10            |   10.417|
A7             |S11            |   12.417|
A7             |S12            |   12.691|
A7             |S13            |   13.568|
A7             |S14            |   15.237|
A7             |V              |   15.697|
A8             |C              |   14.567|
A8             |S8             |    7.110|
A8             |S9             |   11.495|
A8             |S10            |   10.407|
A8             |S11            |   12.407|
A8             |S12            |   12.681|
A8             |S13            |   13.558|
A8             |S14            |   15.227|
A8             |V              |   15.687|
A9             |C              |   11.658|
A9             |S9             |    7.836|
A9             |S10            |    8.452|
A9             |S11            |    9.483|
A9             |S12            |    9.772|
A9             |S13            |   10.649|
A9             |S14            |   12.318|
A9             |V              |   12.778|
A10            |C              |   12.713|
A10            |S10            |    8.553|
A10            |S11            |   10.558|
A10            |S12            |   10.827|
A10            |S13            |   11.704|
A10            |S14            |   13.373|
A10            |V              |   13.833|
A11            |C              |   12.606|
A11            |S11            |    7.149|
A11            |S12            |   10.720|
A11            |S13            |   11.597|
A11            |S14            |   13.266|
A11            |V              |   13.726|
A12            |C              |   10.242|
A12            |S12            |    6.850|
A12            |S13            |    9.452|
A12            |S14            |   10.809|
A12            |V              |   11.269|
A13            |C              |    9.560|
A13            |S13            |    8.541|
A13            |S14            |   10.891|
A13            |V              |   11.351|
A14            |C              |    9.171|
A14            |S14            |    7.478|
A14            |V              |   10.038|
B0             |C              |   18.222|
B0             |S0             |    7.665|
B0             |S1             |    9.319|
B0             |S2             |    9.733|
B0             |S3             |   12.078|
B0             |S4             |   11.940|
B0             |S5             |   13.880|
B0             |S6             |   13.546|
B0             |S7             |   13.700|
B0             |S8             |   15.673|
B0             |S9             |   15.150|
B0             |S10            |   14.062|
B0             |S11            |   16.062|
B0             |S12            |   16.336|
B0             |S13            |   17.213|
B0             |S14            |   18.882|
B0             |V              |   19.342|
B1             |C              |   17.990|
B1             |S1             |    8.127|
B1             |S2             |    9.211|
B1             |S3             |   11.846|
B1             |S4             |   11.708|
B1             |S5             |   13.648|
B1             |S6             |   13.314|
B1             |S7             |   13.468|
B1             |S8             |   15.441|
B1             |S9             |   14.918|
B1             |S10            |   13.830|
B1             |S11            |   15.830|
B1             |S12            |   16.104|
B1             |S13            |   16.981|
B1             |S14            |   18.650|
B1             |V              |   19.110|
B2             |C              |   18.767|
B2             |S2             |    7.516|
B2             |S3             |   12.623|
B2             |S4             |   12.485|
B2             |S5             |   14.425|
B2             |S6             |   14.091|
B2             |S7             |   14.245|
B2             |S8             |   16.218|
B2             |S9             |   15.695|
B2             |S10            |   14.607|
B2             |S11            |   16.607|
B2             |S12            |   16.881|
B2             |S13            |   17.758|
B2             |S14            |   19.427|
B2             |V              |   19.887|
B3             |C              |   17.543|
B3             |S3             |    8.038|
B3             |S4             |    9.011|
B3             |S5             |   11.011|
B3             |S6             |   12.867|
B3             |S7             |   13.021|
B3             |S8             |   14.994|
B3             |S9             |   14.471|
B3             |S10            |   13.383|
B3             |S11            |   15.383|
B3             |S12            |   15.657|
B3             |S13            |   16.534|
B3             |S14            |   18.203|
B3             |V              |   18.663|
B4             |C              |   17.577|
B4             |S4             |    9.360|
B4             |S5             |   11.325|
B4             |S6             |   12.901|
B4             |S7             |   13.055|
B4             |S8             |   15.028|
B4             |S9             |   14.505|
B4             |S10            |   13.417|
B4             |S11            |   15.417|
B4             |S12            |   15.691|
B4             |S13            |   16.568|
B4             |S14            |   18.237|
B4             |V              |   18.697|
B5             |C              |   18.119|
B5             |S5             |    6.791|
B5             |S6             |   13.443|
B5             |S7             |   13.597|
B5             |S8             |   15.570|
B5             |S9             |   15.047|
B5             |S10            |   13.959|
B5             |S11            |   15.959|
B5             |S12            |   16.233|
B5             |S13            |   17.110|
B5             |S14            |   18.779|
B5             |V              |   19.239|
B6             |C              |   15.816|
B6             |S6             |    7.792|
B6             |S7             |   10.276|
B6             |S8             |   11.145|
B6             |S9             |   12.744|
B6             |S10            |   11.656|
B6             |S11            |   13.656|
B6             |S12            |   13.930|
B6             |S13            |   14.807|
B6             |S14            |   16.476|
B6             |V              |   16.936|
B7             |C              |   15.115|
B7             |S7             |    9.533|
B7             |S8             |   10.956|
B7             |S9             |   12.043|
B7             |S10            |   10.955|
B7             |S11            |   12.955|
B7             |S12            |   13.229|
B7             |S13            |   14.106|
B7             |S14            |   15.775|
B7             |V              |   16.235|
B8             |C              |   14.264|
B8             |S8             |    6.832|
B8             |S9             |   11.192|
B8             |S10            |   10.104|
B8             |S11            |   12.104|
B8             |S12            |   12.378|
B8             |S13            |   13.255|
B8             |S14            |   14.924|
B8             |V              |   15.384|
B9             |C              |   11.533|
B9             |S9             |    7.315|
B9             |S10            |    7.992|
B9             |S11            |    9.438|
B9             |S12            |    9.647|
B9             |S13            |   10.524|
B9             |S14            |   12.193|
B9             |V              |   12.653|
B10            |C              |   12.864|
B10            |S10            |    8.704|
B10            |S11            |   10.709|
B10            |S12            |   10.978|
B10            |S13            |   11.855|
B10            |S14            |   13.524|
B10            |V              |   13.984|
B11            |C              |   11.840|
B11            |S11            |    6.686|
B11            |S12            |    9.954|
B11            |S13            |   10.831|
B11            |S14            |   12.500|
B11            |V              |   12.960|
B12            |C              |    9.904|
B12            |S12            |    6.749|
B12            |S13            |    9.212|
B12            |S14            |   10.748|
B12            |V              |   11.208|
B13            |C              |   10.144|
B13            |S13            |    9.125|
B13            |S14            |   11.475|
B13            |V              |   11.935|
B14            |C              |    9.408|
B14            |S14            |    7.307|
B14            |V              |   10.275|
C0             |C              |   21.046|
C0             |S1             |   11.183|
C0             |S2             |   12.267|
C0             |S3             |   14.902|
C0             |S4             |   14.764|
C0             |S5             |   16.704|
C0             |S6             |   16.370|
C0             |S7             |   16.524|
C0             |S8             |   18.497|
C0             |S9             |   17.974|
C0             |S10            |   16.886|
C0             |S11            |   18.886|
C0             |S12            |   19.160|
C0             |S13            |   20.037|
C0             |S14            |   21.706|
C0             |V              |   22.166|
---------------+---------------+---------+


Analysis completed Wed Dec 02 03:51:58 2020 
--------------------------------------------------------------------------------

Trace Settings:
-------------------------
Trace Settings 

Peak Memory Usage: 194 MB



