--------------------------------------------------------------------------------
Release 14.7 Trace  (nt64)
Copyright (c) 1995-2013 Xilinx, Inc.  All rights reserved.

C:\Xilinx\14.7\ISE_DS\ISE\bin\nt64\unwrapped\trce.exe -intstyle ise -v 3 -s 4
-n 3 -fastpaths -xml CLA_20.twx CLA_20.ncd -o CLA_20.twr CLA_20.pcf

Design file:              CLA_20.ncd
Physical constraint file: CLA_20.pcf
Device,package,speed:     xc3s100e,tq144,-4 (PRODUCTION 1.27 2013-10-13)
Report level:             verbose report

Environment Variable      Effect 
--------------------      ------ 
NONE                      No environment variables were set
--------------------------------------------------------------------------------

INFO:Timing:2698 - No timing constraints found, doing default enumeration.
INFO:Timing:3412 - To improve timing, see the Timing Closure User Guide (UG612).
INFO:Timing:2752 - To get complete path coverage, use the unconstrained paths 
   option. All paths that are not constrained will be reported in the 
   unconstrained paths section(s) of the report.
INFO:Timing:3339 - The clock-to-out numbers in this timing report are based on 
   a 50 Ohm transmission line loading model.  For the details of this model, 
   and for more information on accounting for different loading conditions, 
   please see the device datasheet.
INFO:Timing:3390 - This architecture does not support a default System Jitter 
   value, please add SYSTEM_JITTER constraint to the UCF to modify the Clock 
   Uncertainty calculation.
INFO:Timing:3389 - This architecture does not support 'Discrete Jitter' and 
   'Phase Error' calculations, these terms will be zero in the Clock 
   Uncertainty calculation.  Please make appropriate modification to 
   SYSTEM_JITTER to account for the unsupported Discrete Jitter and Phase 
   Error.



Data Sheet report:
-----------------
All values displayed in nanoseconds (ns)

Pad to Pad
---------------+---------------+---------+
Source Pad     |Destination Pad|  Delay  |
---------------+---------------+---------+
A<0>           |Carry          |   26.167|
A<0>           |Cout           |   25.096|
A<0>           |Cout2          |   25.821|
A<0>           |OVF            |   26.124|
A<0>           |S<0>           |    7.984|
A<0>           |S<1>           |    9.049|
A<0>           |S<2>           |   10.454|
A<0>           |S<3>           |   10.710|
A<0>           |S<4>           |   11.221|
A<0>           |S<5>           |   12.781|
A<0>           |S<6>           |   13.322|
A<0>           |S<7>           |   14.817|
A<0>           |S<8>           |   15.561|
A<0>           |S<9>           |   16.944|
A<0>           |S<10>          |   18.343|
A<0>           |S<11>          |   17.755|
A<0>           |S<12>          |   19.320|
A<0>           |S<13>          |   20.490|
A<0>           |S<14>          |   22.432|
A<0>           |S<15>          |   22.332|
A<0>           |S<16>          |   22.703|
A<0>           |S<17>          |   23.897|
A<0>           |S<18>          |   24.655|
A<0>           |S<19>          |   26.175|
A<1>           |Carry          |   25.979|
A<1>           |Cout           |   24.908|
A<1>           |Cout2          |   25.633|
A<1>           |OVF            |   25.936|
A<1>           |S<1>           |    8.685|
A<1>           |S<2>           |   10.266|
A<1>           |S<3>           |   10.522|
A<1>           |S<4>           |   11.033|
A<1>           |S<5>           |   12.593|
A<1>           |S<6>           |   13.134|
A<1>           |S<7>           |   14.629|
A<1>           |S<8>           |   15.373|
A<1>           |S<9>           |   16.756|
A<1>           |S<10>          |   18.155|
A<1>           |S<11>          |   17.567|
A<1>           |S<12>          |   19.132|
A<1>           |S<13>          |   20.302|
A<1>           |S<14>          |   22.244|
A<1>           |S<15>          |   22.144|
A<1>           |S<16>          |   22.515|
A<1>           |S<17>          |   23.709|
A<1>           |S<18>          |   24.467|
A<1>           |S<19>          |   25.987|
A<2>           |Carry          |   23.364|
A<2>           |Cout           |   22.293|
A<2>           |Cout2          |   23.018|
A<2>           |OVF            |   23.321|
A<2>           |S<2>           |    7.955|
A<2>           |S<3>           |    7.907|
A<2>           |S<4>           |    8.418|
A<2>           |S<5>           |    9.978|
A<2>           |S<6>           |   10.519|
A<2>           |S<7>           |   12.014|
A<2>           |S<8>           |   12.758|
A<2>           |S<9>           |   14.141|
A<2>           |S<10>          |   15.540|
A<2>           |S<11>          |   14.952|
A<2>           |S<12>          |   16.517|
A<2>           |S<13>          |   17.687|
A<2>           |S<14>          |   19.629|
A<2>           |S<15>          |   19.529|
A<2>           |S<16>          |   19.900|
A<2>           |S<17>          |   21.094|
A<2>           |S<18>          |   21.852|
A<2>           |S<19>          |   23.372|
A<3>           |Carry          |   22.480|
A<3>           |Cout           |   21.409|
A<3>           |Cout2          |   22.134|
A<3>           |OVF            |   22.437|
A<3>           |S<3>           |    7.117|
A<3>           |S<4>           |    7.534|
A<3>           |S<5>           |    9.094|
A<3>           |S<6>           |    9.635|
A<3>           |S<7>           |   11.130|
A<3>           |S<8>           |   11.874|
A<3>           |S<9>           |   13.257|
A<3>           |S<10>          |   14.656|
A<3>           |S<11>          |   14.068|
A<3>           |S<12>          |   15.633|
A<3>           |S<13>          |   16.803|
A<3>           |S<14>          |   18.745|
A<3>           |S<15>          |   18.645|
A<3>           |S<16>          |   19.016|
A<3>           |S<17>          |   20.210|
A<3>           |S<18>          |   20.968|
A<3>           |S<19>          |   22.488|
A<4>           |Carry          |   22.050|
A<4>           |Cout           |   20.979|
A<4>           |Cout2          |   21.704|
A<4>           |OVF            |   22.007|
A<4>           |S<4>           |    7.468|
A<4>           |S<5>           |    8.664|
A<4>           |S<6>           |    9.205|
A<4>           |S<7>           |   10.700|
A<4>           |S<8>           |   11.444|
A<4>           |S<9>           |   12.827|
A<4>           |S<10>          |   14.226|
A<4>           |S<11>          |   13.638|
A<4>           |S<12>          |   15.203|
A<4>           |S<13>          |   16.373|
A<4>           |S<14>          |   18.315|
A<4>           |S<15>          |   18.215|
A<4>           |S<16>          |   18.586|
A<4>           |S<17>          |   19.780|
A<4>           |S<18>          |   20.538|
A<4>           |S<19>          |   22.058|
A<5>           |Carry          |   21.242|
A<5>           |Cout           |   20.171|
A<5>           |Cout2          |   20.896|
A<5>           |OVF            |   21.199|
A<5>           |S<5>           |    7.712|
A<5>           |S<6>           |    7.931|
A<5>           |S<7>           |    9.892|
A<5>           |S<8>           |   10.636|
A<5>           |S<9>           |   12.019|
A<5>           |S<10>          |   13.418|
A<5>           |S<11>          |   12.830|
A<5>           |S<12>          |   14.395|
A<5>           |S<13>          |   15.565|
A<5>           |S<14>          |   17.507|
A<5>           |S<15>          |   17.407|
A<5>           |S<16>          |   17.778|
A<5>           |S<17>          |   18.972|
A<5>           |S<18>          |   19.730|
A<5>           |S<19>          |   21.250|
A<6>           |Carry          |   23.971|
A<6>           |Cout           |   22.900|
A<6>           |Cout2          |   23.625|
A<6>           |OVF            |   23.928|
A<6>           |S<6>           |   10.051|
A<6>           |S<7>           |   12.621|
A<6>           |S<8>           |   13.365|
A<6>           |S<9>           |   14.748|
A<6>           |S<10>          |   16.147|
A<6>           |S<11>          |   15.559|
A<6>           |S<12>          |   17.124|
A<6>           |S<13>          |   18.294|
A<6>           |S<14>          |   20.236|
A<6>           |S<15>          |   20.136|
A<6>           |S<16>          |   20.507|
A<6>           |S<17>          |   21.701|
A<6>           |S<18>          |   22.459|
A<6>           |S<19>          |   23.979|
A<7>           |Carry          |   19.736|
A<7>           |Cout           |   18.665|
A<7>           |Cout2          |   19.390|
A<7>           |OVF            |   19.693|
A<7>           |S<7>           |    7.718|
A<7>           |S<8>           |    9.130|
A<7>           |S<9>           |   10.513|
A<7>           |S<10>          |   11.912|
A<7>           |S<11>          |   11.324|
A<7>           |S<12>          |   12.889|
A<7>           |S<13>          |   14.059|
A<7>           |S<14>          |   16.001|
A<7>           |S<15>          |   15.901|
A<7>           |S<16>          |   16.272|
A<7>           |S<17>          |   17.466|
A<7>           |S<18>          |   18.224|
A<7>           |S<19>          |   19.744|
A<8>           |Carry          |   18.236|
A<8>           |Cout           |   17.165|
A<8>           |Cout2          |   17.890|
A<8>           |OVF            |   18.193|
A<8>           |S<8>           |    7.774|
A<8>           |S<9>           |    9.013|
A<8>           |S<10>          |   10.412|
A<8>           |S<11>          |    9.824|
A<8>           |S<12>          |   11.389|
A<8>           |S<13>          |   12.559|
A<8>           |S<14>          |   14.501|
A<8>           |S<15>          |   14.401|
A<8>           |S<16>          |   14.772|
A<8>           |S<17>          |   15.966|
A<8>           |S<18>          |   16.724|
A<8>           |S<19>          |   18.244|
A<9>           |Carry          |   17.182|
A<9>           |Cout           |   16.111|
A<9>           |Cout2          |   16.836|
A<9>           |OVF            |   17.139|
A<9>           |S<9>           |    8.246|
A<9>           |S<10>          |    9.358|
A<9>           |S<11>          |    8.770|
A<9>           |S<12>          |   10.335|
A<9>           |S<13>          |   11.505|
A<9>           |S<14>          |   13.447|
A<9>           |S<15>          |   13.347|
A<9>           |S<16>          |   13.718|
A<9>           |S<17>          |   14.912|
A<9>           |S<18>          |   15.670|
A<9>           |S<19>          |   17.190|
A<10>          |Carry          |   16.474|
A<10>          |Cout           |   15.403|
A<10>          |Cout2          |   16.128|
A<10>          |OVF            |   16.431|
A<10>          |S<10>          |    7.769|
A<10>          |S<11>          |    7.645|
A<10>          |S<12>          |    9.627|
A<10>          |S<13>          |   10.797|
A<10>          |S<14>          |   12.739|
A<10>          |S<15>          |   12.639|
A<10>          |S<16>          |   13.010|
A<10>          |S<17>          |   14.204|
A<10>          |S<18>          |   14.962|
A<10>          |S<19>          |   16.482|
A<11>          |Carry          |   15.643|
A<11>          |Cout           |   14.572|
A<11>          |Cout2          |   15.297|
A<11>          |OVF            |   15.600|
A<11>          |S<11>          |    9.353|
A<11>          |S<12>          |    8.796|
A<11>          |S<13>          |    9.966|
A<11>          |S<14>          |   11.908|
A<11>          |S<15>          |   11.808|
A<11>          |S<16>          |   12.179|
A<11>          |S<17>          |   13.373|
A<11>          |S<18>          |   14.131|
A<11>          |S<19>          |   15.651|
A<12>          |Carry          |   14.961|
A<12>          |Cout           |   13.890|
A<12>          |Cout2          |   14.615|
A<12>          |OVF            |   14.918|
A<12>          |S<12>          |    8.114|
A<12>          |S<13>          |    9.284|
A<12>          |S<14>          |   11.226|
A<12>          |S<15>          |   11.126|
A<12>          |S<16>          |   11.497|
A<12>          |S<17>          |   12.691|
A<12>          |S<18>          |   13.449|
A<12>          |S<19>          |   14.969|
A<13>          |Carry          |   13.624|
A<13>          |Cout           |   12.553|
A<13>          |Cout2          |   13.278|
A<13>          |OVF            |   13.581|
A<13>          |S<13>          |    7.947|
A<13>          |S<14>          |    9.889|
A<13>          |S<15>          |    9.789|
A<13>          |S<16>          |   10.160|
A<13>          |S<17>          |   11.354|
A<13>          |S<18>          |   12.112|
A<13>          |S<19>          |   13.632|
A<14>          |Carry          |   13.057|
A<14>          |Cout           |   11.986|
A<14>          |Cout2          |   12.711|
A<14>          |OVF            |   13.014|
A<14>          |S<14>          |    7.781|
A<14>          |S<15>          |    9.222|
A<14>          |S<16>          |    9.593|
A<14>          |S<17>          |   10.787|
A<14>          |S<18>          |   11.545|
A<14>          |S<19>          |   13.065|
A<15>          |Carry          |   12.261|
A<15>          |Cout           |   11.190|
A<15>          |Cout2          |   11.915|
A<15>          |OVF            |   12.218|
A<15>          |S<15>          |    7.899|
A<15>          |S<16>          |    8.001|
A<15>          |S<17>          |    9.991|
A<15>          |S<18>          |   10.749|
A<15>          |S<19>          |   12.269|
A<16>          |Carry          |   13.293|
A<16>          |Cout           |   12.222|
A<16>          |Cout2          |   12.947|
A<16>          |OVF            |   13.250|
A<16>          |S<16>          |   10.325|
A<16>          |S<17>          |   11.023|
A<16>          |S<18>          |   11.781|
A<16>          |S<19>          |   13.301|
A<17>          |Carry          |   10.589|
A<17>          |Cout           |    9.518|
A<17>          |Cout2          |   10.243|
A<17>          |OVF            |   10.546|
A<17>          |S<17>          |    7.562|
A<17>          |S<18>          |    9.077|
A<17>          |S<19>          |   10.597|
A<18>          |Carry          |    8.038|
A<18>          |Cout           |    6.967|
A<18>          |Cout2          |    7.692|
A<18>          |OVF            |    7.995|
A<18>          |S<18>          |    8.115|
A<18>          |S<19>          |    8.046|
A<19>          |Carry          |    7.213|
A<19>          |Cout2          |    6.867|
A<19>          |OVF            |    7.530|
A<19>          |S<19>          |    7.246|
B<0>           |Carry          |   25.882|
B<0>           |Cout           |   24.811|
B<0>           |Cout2          |   25.536|
B<0>           |OVF            |   25.839|
B<0>           |S<0>           |    8.701|
B<0>           |S<1>           |    8.795|
B<0>           |S<2>           |   10.169|
B<0>           |S<3>           |   10.425|
B<0>           |S<4>           |   10.936|
B<0>           |S<5>           |   12.496|
B<0>           |S<6>           |   13.037|
B<0>           |S<7>           |   14.532|
B<0>           |S<8>           |   15.276|
B<0>           |S<9>           |   16.659|
B<0>           |S<10>          |   18.058|
B<0>           |S<11>          |   17.470|
B<0>           |S<12>          |   19.035|
B<0>           |S<13>          |   20.205|
B<0>           |S<14>          |   22.147|
B<0>           |S<15>          |   22.047|
B<0>           |S<16>          |   22.418|
B<0>           |S<17>          |   23.612|
B<0>           |S<18>          |   24.370|
B<0>           |S<19>          |   25.890|
B<1>           |Carry          |   26.078|
B<1>           |Cout           |   25.007|
B<1>           |Cout2          |   25.732|
B<1>           |OVF            |   26.035|
B<1>           |S<1>           |    8.827|
B<1>           |S<2>           |   10.365|
B<1>           |S<3>           |   10.621|
B<1>           |S<4>           |   11.132|
B<1>           |S<5>           |   12.692|
B<1>           |S<6>           |   13.233|
B<1>           |S<7>           |   14.728|
B<1>           |S<8>           |   15.472|
B<1>           |S<9>           |   16.855|
B<1>           |S<10>          |   18.254|
B<1>           |S<11>          |   17.666|
B<1>           |S<12>          |   19.231|
B<1>           |S<13>          |   20.401|
B<1>           |S<14>          |   22.343|
B<1>           |S<15>          |   22.243|
B<1>           |S<16>          |   22.614|
B<1>           |S<17>          |   23.808|
B<1>           |S<18>          |   24.566|
B<1>           |S<19>          |   26.086|
B<2>           |Carry          |   24.834|
B<2>           |Cout           |   23.763|
B<2>           |Cout2          |   24.488|
B<2>           |OVF            |   24.791|
B<2>           |S<2>           |    8.185|
B<2>           |S<3>           |    9.377|
B<2>           |S<4>           |    9.888|
B<2>           |S<5>           |   11.448|
B<2>           |S<6>           |   11.989|
B<2>           |S<7>           |   13.484|
B<2>           |S<8>           |   14.228|
B<2>           |S<9>           |   15.611|
B<2>           |S<10>          |   17.010|
B<2>           |S<11>          |   16.422|
B<2>           |S<12>          |   17.987|
B<2>           |S<13>          |   19.157|
B<2>           |S<14>          |   21.099|
B<2>           |S<15>          |   20.999|
B<2>           |S<16>          |   21.370|
B<2>           |S<17>          |   22.564|
B<2>           |S<18>          |   23.322|
B<2>           |S<19>          |   24.842|
B<3>           |Carry          |   24.716|
B<3>           |Cout           |   23.645|
B<3>           |Cout2          |   24.370|
B<3>           |OVF            |   24.673|
B<3>           |S<3>           |    8.865|
B<3>           |S<4>           |    9.770|
B<3>           |S<5>           |   11.330|
B<3>           |S<6>           |   11.871|
B<3>           |S<7>           |   13.366|
B<3>           |S<8>           |   14.110|
B<3>           |S<9>           |   15.493|
B<3>           |S<10>          |   16.892|
B<3>           |S<11>          |   16.304|
B<3>           |S<12>          |   17.869|
B<3>           |S<13>          |   19.039|
B<3>           |S<14>          |   20.981|
B<3>           |S<15>          |   20.881|
B<3>           |S<16>          |   21.252|
B<3>           |S<17>          |   22.446|
B<3>           |S<18>          |   23.204|
B<3>           |S<19>          |   24.724|
B<4>           |Carry          |   22.428|
B<4>           |Cout           |   21.357|
B<4>           |Cout2          |   22.082|
B<4>           |OVF            |   22.385|
B<4>           |S<4>           |    7.931|
B<4>           |S<5>           |    9.042|
B<4>           |S<6>           |    9.583|
B<4>           |S<7>           |   11.078|
B<4>           |S<8>           |   11.822|
B<4>           |S<9>           |   13.205|
B<4>           |S<10>          |   14.604|
B<4>           |S<11>          |   14.016|
B<4>           |S<12>          |   15.581|
B<4>           |S<13>          |   16.751|
B<4>           |S<14>          |   18.693|
B<4>           |S<15>          |   18.593|
B<4>           |S<16>          |   18.964|
B<4>           |S<17>          |   20.158|
B<4>           |S<18>          |   20.916|
B<4>           |S<19>          |   22.436|
B<5>           |Carry          |   23.251|
B<5>           |Cout           |   22.180|
B<5>           |Cout2          |   22.905|
B<5>           |OVF            |   23.208|
B<5>           |S<5>           |    7.876|
B<5>           |S<6>           |    8.997|
B<5>           |S<7>           |   11.901|
B<5>           |S<8>           |   12.645|
B<5>           |S<9>           |   14.028|
B<5>           |S<10>          |   15.427|
B<5>           |S<11>          |   14.839|
B<5>           |S<12>          |   16.404|
B<5>           |S<13>          |   17.574|
B<5>           |S<14>          |   19.516|
B<5>           |S<15>          |   19.416|
B<5>           |S<16>          |   19.787|
B<5>           |S<17>          |   20.981|
B<5>           |S<18>          |   21.739|
B<5>           |S<19>          |   23.259|
B<6>           |Carry          |   23.626|
B<6>           |Cout           |   22.555|
B<6>           |Cout2          |   23.280|
B<6>           |OVF            |   23.583|
B<6>           |S<6>           |    9.706|
B<6>           |S<7>           |   12.276|
B<6>           |S<8>           |   13.020|
B<6>           |S<9>           |   14.403|
B<6>           |S<10>          |   15.802|
B<6>           |S<11>          |   15.214|
B<6>           |S<12>          |   16.779|
B<6>           |S<13>          |   17.949|
B<6>           |S<14>          |   19.891|
B<6>           |S<15>          |   19.791|
B<6>           |S<16>          |   20.162|
B<6>           |S<17>          |   21.356|
B<6>           |S<18>          |   22.114|
B<6>           |S<19>          |   23.634|
B<7>           |Carry          |   20.665|
B<7>           |Cout           |   19.594|
B<7>           |Cout2          |   20.319|
B<7>           |OVF            |   20.622|
B<7>           |S<7>           |    8.854|
B<7>           |S<8>           |   10.059|
B<7>           |S<9>           |   11.442|
B<7>           |S<10>          |   12.841|
B<7>           |S<11>          |   12.253|
B<7>           |S<12>          |   13.818|
B<7>           |S<13>          |   14.988|
B<7>           |S<14>          |   16.930|
B<7>           |S<15>          |   16.830|
B<7>           |S<16>          |   17.201|
B<7>           |S<17>          |   18.395|
B<7>           |S<18>          |   19.153|
B<7>           |S<19>          |   20.673|
B<8>           |Carry          |   18.276|
B<8>           |Cout           |   17.205|
B<8>           |Cout2          |   17.930|
B<8>           |OVF            |   18.233|
B<8>           |S<8>           |    8.043|
B<8>           |S<9>           |    9.053|
B<8>           |S<10>          |   10.452|
B<8>           |S<11>          |    9.864|
B<8>           |S<12>          |   11.429|
B<8>           |S<13>          |   12.599|
B<8>           |S<14>          |   14.541|
B<8>           |S<15>          |   14.441|
B<8>           |S<16>          |   14.812|
B<8>           |S<17>          |   16.006|
B<8>           |S<18>          |   16.764|
B<8>           |S<19>          |   18.284|
B<9>           |Carry          |   18.939|
B<9>           |Cout           |   17.868|
B<9>           |Cout2          |   18.593|
B<9>           |OVF            |   18.896|
B<9>           |S<9>           |    8.002|
B<9>           |S<10>          |   11.115|
B<9>           |S<11>          |   10.527|
B<9>           |S<12>          |   12.092|
B<9>           |S<13>          |   13.262|
B<9>           |S<14>          |   15.204|
B<9>           |S<15>          |   15.104|
B<9>           |S<16>          |   15.475|
B<9>           |S<17>          |   16.669|
B<9>           |S<18>          |   17.427|
B<9>           |S<19>          |   18.947|
B<10>          |Carry          |   18.226|
B<10>          |Cout           |   17.155|
B<10>          |Cout2          |   17.880|
B<10>          |OVF            |   18.183|
B<10>          |S<10>          |    8.814|
B<10>          |S<11>          |    8.990|
B<10>          |S<12>          |   11.379|
B<10>          |S<13>          |   12.549|
B<10>          |S<14>          |   14.491|
B<10>          |S<15>          |   14.391|
B<10>          |S<16>          |   14.762|
B<10>          |S<17>          |   15.956|
B<10>          |S<18>          |   16.714|
B<10>          |S<19>          |   18.234|
B<11>          |Carry          |   17.038|
B<11>          |Cout           |   15.967|
B<11>          |Cout2          |   16.692|
B<11>          |OVF            |   16.995|
B<11>          |S<11>          |    9.585|
B<11>          |S<12>          |   10.191|
B<11>          |S<13>          |   11.361|
B<11>          |S<14>          |   13.303|
B<11>          |S<15>          |   13.203|
B<11>          |S<16>          |   13.574|
B<11>          |S<17>          |   14.768|
B<11>          |S<18>          |   15.526|
B<11>          |S<19>          |   17.046|
B<12>          |Carry          |   14.556|
B<12>          |Cout           |   13.485|
B<12>          |Cout2          |   14.210|
B<12>          |OVF            |   14.513|
B<12>          |S<12>          |    7.709|
B<12>          |S<13>          |    8.879|
B<12>          |S<14>          |   10.821|
B<12>          |S<15>          |   10.721|
B<12>          |S<16>          |   11.092|
B<12>          |S<17>          |   12.286|
B<12>          |S<18>          |   13.044|
B<12>          |S<19>          |   14.564|
B<13>          |Carry          |   13.895|
B<13>          |Cout           |   12.824|
B<13>          |Cout2          |   13.549|
B<13>          |OVF            |   13.852|
B<13>          |S<13>          |    8.218|
B<13>          |S<14>          |   10.160|
B<13>          |S<15>          |   10.060|
B<13>          |S<16>          |   10.431|
B<13>          |S<17>          |   11.625|
B<13>          |S<18>          |   12.383|
B<13>          |S<19>          |   13.903|
B<14>          |Carry          |   12.607|
B<14>          |Cout           |   11.536|
B<14>          |Cout2          |   12.261|
B<14>          |OVF            |   12.564|
B<14>          |S<14>          |    8.392|
B<14>          |S<15>          |    8.772|
B<14>          |S<16>          |    9.143|
B<14>          |S<17>          |   10.337|
B<14>          |S<18>          |   11.095|
B<14>          |S<19>          |   12.615|
B<15>          |Carry          |   12.826|
B<15>          |Cout           |   11.755|
B<15>          |Cout2          |   12.480|
B<15>          |OVF            |   12.783|
B<15>          |S<15>          |    7.516|
B<15>          |S<16>          |    9.074|
B<15>          |S<17>          |   10.556|
B<15>          |S<18>          |   11.314|
B<15>          |S<19>          |   12.834|
B<16>          |Carry          |   13.663|
B<16>          |Cout           |   12.592|
B<16>          |Cout2          |   13.317|
B<16>          |OVF            |   13.620|
B<16>          |S<16>          |   10.695|
B<16>          |S<17>          |   11.393|
B<16>          |S<18>          |   12.151|
B<16>          |S<19>          |   13.671|
B<17>          |Carry          |   10.494|
B<17>          |Cout           |    9.423|
B<17>          |Cout2          |   10.148|
B<17>          |OVF            |   10.451|
B<17>          |S<17>          |    8.271|
B<17>          |S<18>          |    8.982|
B<17>          |S<19>          |   10.502|
B<18>          |Carry          |    8.835|
B<18>          |Cout           |    7.764|
B<18>          |Cout2          |    8.489|
B<18>          |OVF            |    8.792|
B<18>          |S<18>          |    8.051|
B<18>          |S<19>          |    8.843|
B<19>          |Carry          |    8.177|
B<19>          |Cout2          |    7.831|
B<19>          |OVF            |    7.573|
B<19>          |S<19>          |    8.250|
Cin            |Carry          |   26.243|
Cin            |Cout           |   25.172|
Cin            |Cout2          |   25.897|
Cin            |OVF            |   26.200|
Cin            |S<1>           |    9.107|
Cin            |S<2>           |   10.587|
Cin            |S<3>           |   10.786|
Cin            |S<4>           |   11.297|
Cin            |S<5>           |   12.857|
Cin            |S<6>           |   13.398|
Cin            |S<7>           |   14.893|
Cin            |S<8>           |   15.637|
Cin            |S<9>           |   17.020|
Cin            |S<10>          |   18.419|
Cin            |S<11>          |   17.831|
Cin            |S<12>          |   19.396|
Cin            |S<13>          |   20.566|
Cin            |S<14>          |   22.508|
Cin            |S<15>          |   22.408|
Cin            |S<16>          |   22.779|
Cin            |S<17>          |   23.973|
Cin            |S<18>          |   24.731|
Cin            |S<19>          |   26.251|
---------------+---------------+---------+


Analysis completed Wed Dec 16 06:37:01 2020 
--------------------------------------------------------------------------------

Trace Settings:
-------------------------
Trace Settings 

Peak Memory Usage: 194 MB



