--------------------------------------------------------------------------------
Release 14.7 Trace  (nt64)
Copyright (c) 1995-2013 Xilinx, Inc.  All rights reserved.

C:\Xilinx\14.7\ISE_DS\ISE\bin\nt64\unwrapped\trce.exe -intstyle ise -v 3 -s 4
-n 3 -fastpaths -xml RCA_20.twx RCA_20.ncd -o RCA_20.twr RCA_20.pcf

Design file:              RCA_20.ncd
Physical constraint file: RCA_20.pcf
Device,package,speed:     xc3s100e,tq144,-4 (PRODUCTION 1.27 2013-10-13)
Report level:             verbose report

Environment Variable      Effect 
--------------------      ------ 
NONE                      No environment variables were set
--------------------------------------------------------------------------------

INFO:Timing:2698 - No timing constraints found, doing default enumeration.
INFO:Timing:3412 - To improve timing, see the Timing Closure User Guide (UG612).
INFO:Timing:2752 - To get complete path coverage, use the unconstrained paths 
   option. All paths that are not constrained will be reported in the 
   unconstrained paths section(s) of the report.
INFO:Timing:3339 - The clock-to-out numbers in this timing report are based on 
   a 50 Ohm transmission line loading model.  For the details of this model, 
   and for more information on accounting for different loading conditions, 
   please see the device datasheet.
INFO:Timing:3390 - This architecture does not support a default System Jitter 
   value, please add SYSTEM_JITTER constraint to the UCF to modify the Clock 
   Uncertainty calculation.
INFO:Timing:3389 - This architecture does not support 'Discrete Jitter' and 
   'Phase Error' calculations, these terms will be zero in the Clock 
   Uncertainty calculation.  Please make appropriate modification to 
   SYSTEM_JITTER to account for the unsupported Discrete Jitter and Phase 
   Error.



Data Sheet report:
-----------------
All values displayed in nanoseconds (ns)

Pad to Pad
---------------+---------------+---------+
Source Pad     |Destination Pad|  Delay  |
---------------+---------------+---------+
A<0>           |Carry          |   28.519|
A<0>           |OVF            |   28.996|
A<0>           |Sum<0>         |    9.198|
A<0>           |Sum<1>         |   11.131|
A<0>           |Sum<2>         |   11.656|
A<0>           |Sum<3>         |   13.133|
A<0>           |Sum<4>         |   14.106|
A<0>           |Sum<5>         |   14.990|
A<0>           |Sum<6>         |   15.576|
A<0>           |Sum<7>         |   17.142|
A<0>           |Sum<8>         |   18.099|
A<0>           |Sum<9>         |   19.321|
A<0>           |Sum<10>        |   19.958|
A<0>           |Sum<11>        |   21.524|
A<0>           |Sum<12>        |   21.509|
A<0>           |Sum<13>        |   23.484|
A<0>           |Sum<14>        |   25.035|
A<0>           |Sum<15>        |   24.997|
A<0>           |Sum<16>        |   26.359|
A<0>           |Sum<17>        |   26.798|
A<0>           |Sum<18>        |   27.544|
A<0>           |Sum<19>        |   28.290|
A<1>           |Carry          |   25.640|
A<1>           |OVF            |   26.117|
A<1>           |Sum<1>         |    8.431|
A<1>           |Sum<2>         |    8.777|
A<1>           |Sum<3>         |   10.254|
A<1>           |Sum<4>         |   11.227|
A<1>           |Sum<5>         |   12.111|
A<1>           |Sum<6>         |   12.697|
A<1>           |Sum<7>         |   14.263|
A<1>           |Sum<8>         |   15.220|
A<1>           |Sum<9>         |   16.442|
A<1>           |Sum<10>        |   17.079|
A<1>           |Sum<11>        |   18.645|
A<1>           |Sum<12>        |   18.630|
A<1>           |Sum<13>        |   20.605|
A<1>           |Sum<14>        |   22.156|
A<1>           |Sum<15>        |   22.118|
A<1>           |Sum<16>        |   23.480|
A<1>           |Sum<17>        |   23.919|
A<1>           |Sum<18>        |   24.665|
A<1>           |Sum<19>        |   25.411|
A<2>           |Carry          |   25.373|
A<2>           |OVF            |   25.850|
A<2>           |Sum<2>         |    8.216|
A<2>           |Sum<3>         |    9.987|
A<2>           |Sum<4>         |   10.960|
A<2>           |Sum<5>         |   11.844|
A<2>           |Sum<6>         |   12.430|
A<2>           |Sum<7>         |   13.996|
A<2>           |Sum<8>         |   14.953|
A<2>           |Sum<9>         |   16.175|
A<2>           |Sum<10>        |   16.812|
A<2>           |Sum<11>        |   18.378|
A<2>           |Sum<12>        |   18.363|
A<2>           |Sum<13>        |   20.338|
A<2>           |Sum<14>        |   21.889|
A<2>           |Sum<15>        |   21.851|
A<2>           |Sum<16>        |   23.213|
A<2>           |Sum<17>        |   23.652|
A<2>           |Sum<18>        |   24.398|
A<2>           |Sum<19>        |   25.144|
A<3>           |Carry          |   24.401|
A<3>           |OVF            |   24.878|
A<3>           |Sum<3>         |    7.920|
A<3>           |Sum<4>         |    9.988|
A<3>           |Sum<5>         |   10.872|
A<3>           |Sum<6>         |   11.458|
A<3>           |Sum<7>         |   13.024|
A<3>           |Sum<8>         |   13.981|
A<3>           |Sum<9>         |   15.203|
A<3>           |Sum<10>        |   15.840|
A<3>           |Sum<11>        |   17.406|
A<3>           |Sum<12>        |   17.391|
A<3>           |Sum<13>        |   19.366|
A<3>           |Sum<14>        |   20.917|
A<3>           |Sum<15>        |   20.879|
A<3>           |Sum<16>        |   22.241|
A<3>           |Sum<17>        |   22.680|
A<3>           |Sum<18>        |   23.426|
A<3>           |Sum<19>        |   24.172|
A<4>           |Carry          |   23.113|
A<4>           |OVF            |   23.590|
A<4>           |Sum<4>         |    8.228|
A<4>           |Sum<5>         |    9.584|
A<4>           |Sum<6>         |   10.170|
A<4>           |Sum<7>         |   11.736|
A<4>           |Sum<8>         |   12.693|
A<4>           |Sum<9>         |   13.915|
A<4>           |Sum<10>        |   14.552|
A<4>           |Sum<11>        |   16.118|
A<4>           |Sum<12>        |   16.103|
A<4>           |Sum<13>        |   18.078|
A<4>           |Sum<14>        |   19.629|
A<4>           |Sum<15>        |   19.591|
A<4>           |Sum<16>        |   20.953|
A<4>           |Sum<17>        |   21.392|
A<4>           |Sum<18>        |   22.138|
A<4>           |Sum<19>        |   22.884|
A<5>           |Carry          |   21.410|
A<5>           |OVF            |   21.887|
A<5>           |Sum<5>         |    8.919|
A<5>           |Sum<6>         |    8.467|
A<5>           |Sum<7>         |   10.033|
A<5>           |Sum<8>         |   10.990|
A<5>           |Sum<9>         |   12.212|
A<5>           |Sum<10>        |   12.849|
A<5>           |Sum<11>        |   14.415|
A<5>           |Sum<12>        |   14.400|
A<5>           |Sum<13>        |   16.375|
A<5>           |Sum<14>        |   17.926|
A<5>           |Sum<15>        |   17.888|
A<5>           |Sum<16>        |   19.250|
A<5>           |Sum<17>        |   19.689|
A<5>           |Sum<18>        |   20.435|
A<5>           |Sum<19>        |   21.181|
A<6>           |Carry          |   21.836|
A<6>           |OVF            |   22.313|
A<6>           |Sum<6>         |    8.000|
A<6>           |Sum<7>         |   10.459|
A<6>           |Sum<8>         |   11.416|
A<6>           |Sum<9>         |   12.638|
A<6>           |Sum<10>        |   13.275|
A<6>           |Sum<11>        |   14.841|
A<6>           |Sum<12>        |   14.826|
A<6>           |Sum<13>        |   16.801|
A<6>           |Sum<14>        |   18.352|
A<6>           |Sum<15>        |   18.314|
A<6>           |Sum<16>        |   19.676|
A<6>           |Sum<17>        |   20.115|
A<6>           |Sum<18>        |   20.861|
A<6>           |Sum<19>        |   21.607|
A<7>           |Carry          |   20.643|
A<7>           |OVF            |   21.120|
A<7>           |Sum<7>         |    8.852|
A<7>           |Sum<8>         |   10.223|
A<7>           |Sum<9>         |   11.445|
A<7>           |Sum<10>        |   12.082|
A<7>           |Sum<11>        |   13.648|
A<7>           |Sum<12>        |   13.633|
A<7>           |Sum<13>        |   15.608|
A<7>           |Sum<14>        |   17.159|
A<7>           |Sum<15>        |   17.121|
A<7>           |Sum<16>        |   18.483|
A<7>           |Sum<17>        |   18.922|
A<7>           |Sum<18>        |   19.668|
A<7>           |Sum<19>        |   20.414|
A<8>           |Carry          |   18.952|
A<8>           |OVF            |   19.429|
A<8>           |Sum<8>         |    7.935|
A<8>           |Sum<9>         |    9.754|
A<8>           |Sum<10>        |   10.391|
A<8>           |Sum<11>        |   11.957|
A<8>           |Sum<12>        |   11.942|
A<8>           |Sum<13>        |   13.917|
A<8>           |Sum<14>        |   15.468|
A<8>           |Sum<15>        |   15.430|
A<8>           |Sum<16>        |   16.792|
A<8>           |Sum<17>        |   17.231|
A<8>           |Sum<18>        |   17.977|
A<8>           |Sum<19>        |   18.723|
A<9>           |Carry          |   17.962|
A<9>           |OVF            |   18.439|
A<9>           |Sum<9>         |    8.553|
A<9>           |Sum<10>        |    9.401|
A<9>           |Sum<11>        |   10.967|
A<9>           |Sum<12>        |   10.952|
A<9>           |Sum<13>        |   12.927|
A<9>           |Sum<14>        |   14.478|
A<9>           |Sum<15>        |   14.440|
A<9>           |Sum<16>        |   15.802|
A<9>           |Sum<17>        |   16.241|
A<9>           |Sum<18>        |   16.987|
A<9>           |Sum<19>        |   17.733|
A<10>          |Carry          |   16.576|
A<10>          |OVF            |   17.053|
A<10>          |Sum<10>        |    8.324|
A<10>          |Sum<11>        |    9.581|
A<10>          |Sum<12>        |    9.566|
A<10>          |Sum<13>        |   11.541|
A<10>          |Sum<14>        |   13.092|
A<10>          |Sum<15>        |   13.054|
A<10>          |Sum<16>        |   14.416|
A<10>          |Sum<17>        |   14.855|
A<10>          |Sum<18>        |   15.601|
A<10>          |Sum<19>        |   16.347|
A<11>          |Carry          |   16.016|
A<11>          |OVF            |   16.493|
A<11>          |Sum<11>        |    8.464|
A<11>          |Sum<12>        |    9.006|
A<11>          |Sum<13>        |   10.981|
A<11>          |Sum<14>        |   12.532|
A<11>          |Sum<15>        |   12.494|
A<11>          |Sum<16>        |   13.856|
A<11>          |Sum<17>        |   14.295|
A<11>          |Sum<18>        |   15.041|
A<11>          |Sum<19>        |   15.787|
A<12>          |Carry          |   14.843|
A<12>          |OVF            |   15.320|
A<12>          |Sum<12>        |    8.496|
A<12>          |Sum<13>        |    9.808|
A<12>          |Sum<14>        |   11.359|
A<12>          |Sum<15>        |   11.321|
A<12>          |Sum<16>        |   12.683|
A<12>          |Sum<17>        |   13.122|
A<12>          |Sum<18>        |   13.868|
A<12>          |Sum<19>        |   14.614|
A<13>          |Carry          |   13.575|
A<13>          |OVF            |   14.052|
A<13>          |Sum<13>        |    8.417|
A<13>          |Sum<14>        |   10.091|
A<13>          |Sum<15>        |   10.053|
A<13>          |Sum<16>        |   11.415|
A<13>          |Sum<17>        |   11.854|
A<13>          |Sum<18>        |   12.600|
A<13>          |Sum<19>        |   13.346|
A<14>          |Carry          |   12.139|
A<14>          |OVF            |   12.616|
A<14>          |Sum<14>        |    8.232|
A<14>          |Sum<15>        |    8.617|
A<14>          |Sum<16>        |    9.979|
A<14>          |Sum<17>        |   10.418|
A<14>          |Sum<18>        |   11.164|
A<14>          |Sum<19>        |   11.910|
A<15>          |Carry          |   11.590|
A<15>          |OVF            |   12.067|
A<15>          |Sum<15>        |    7.500|
A<15>          |Sum<16>        |    9.430|
A<15>          |Sum<17>        |    9.869|
A<15>          |Sum<18>        |   10.615|
A<15>          |Sum<19>        |   11.361|
A<16>          |Carry          |   11.053|
A<16>          |OVF            |   11.530|
A<16>          |Sum<16>        |    8.232|
A<16>          |Sum<17>        |    9.332|
A<16>          |Sum<18>        |   10.078|
A<16>          |Sum<19>        |   10.824|
A<17>          |Carry          |   10.709|
A<17>          |OVF            |   11.186|
A<17>          |Sum<17>        |    7.653|
A<17>          |Sum<18>        |    9.734|
A<17>          |Sum<19>        |   10.480|
A<18>          |Carry          |    8.817|
A<18>          |OVF            |    9.294|
A<18>          |Sum<18>        |    7.677|
A<18>          |Sum<19>        |    8.588|
A<19>          |Carry          |    8.089|
A<19>          |OVF            |    8.340|
A<19>          |Sum<19>        |    8.034|
B<0>           |Carry          |   25.640|
B<0>           |OVF            |   26.117|
B<0>           |Sum<0>         |    8.517|
B<0>           |Sum<1>         |    8.252|
B<0>           |Sum<2>         |    8.777|
B<0>           |Sum<3>         |   10.254|
B<0>           |Sum<4>         |   11.227|
B<0>           |Sum<5>         |   12.111|
B<0>           |Sum<6>         |   12.697|
B<0>           |Sum<7>         |   14.263|
B<0>           |Sum<8>         |   15.220|
B<0>           |Sum<9>         |   16.442|
B<0>           |Sum<10>        |   17.079|
B<0>           |Sum<11>        |   18.645|
B<0>           |Sum<12>        |   18.630|
B<0>           |Sum<13>        |   20.605|
B<0>           |Sum<14>        |   22.156|
B<0>           |Sum<15>        |   22.118|
B<0>           |Sum<16>        |   23.480|
B<0>           |Sum<17>        |   23.919|
B<0>           |Sum<18>        |   24.665|
B<0>           |Sum<19>        |   25.411|
B<1>           |Carry          |   24.858|
B<1>           |OVF            |   25.335|
B<1>           |Sum<1>         |    7.568|
B<1>           |Sum<2>         |    7.995|
B<1>           |Sum<3>         |    9.472|
B<1>           |Sum<4>         |   10.445|
B<1>           |Sum<5>         |   11.329|
B<1>           |Sum<6>         |   11.915|
B<1>           |Sum<7>         |   13.481|
B<1>           |Sum<8>         |   14.438|
B<1>           |Sum<9>         |   15.660|
B<1>           |Sum<10>        |   16.297|
B<1>           |Sum<11>        |   17.863|
B<1>           |Sum<12>        |   17.848|
B<1>           |Sum<13>        |   19.823|
B<1>           |Sum<14>        |   21.374|
B<1>           |Sum<15>        |   21.336|
B<1>           |Sum<16>        |   22.698|
B<1>           |Sum<17>        |   23.137|
B<1>           |Sum<18>        |   23.883|
B<1>           |Sum<19>        |   24.629|
B<2>           |Carry          |   23.960|
B<2>           |OVF            |   24.437|
B<2>           |Sum<2>         |    6.986|
B<2>           |Sum<3>         |    8.574|
B<2>           |Sum<4>         |    9.547|
B<2>           |Sum<5>         |   10.431|
B<2>           |Sum<6>         |   11.017|
B<2>           |Sum<7>         |   12.583|
B<2>           |Sum<8>         |   13.540|
B<2>           |Sum<9>         |   14.762|
B<2>           |Sum<10>        |   15.399|
B<2>           |Sum<11>        |   16.965|
B<2>           |Sum<12>        |   16.950|
B<2>           |Sum<13>        |   18.925|
B<2>           |Sum<14>        |   20.476|
B<2>           |Sum<15>        |   20.438|
B<2>           |Sum<16>        |   21.800|
B<2>           |Sum<17>        |   22.239|
B<2>           |Sum<18>        |   22.985|
B<2>           |Sum<19>        |   23.731|
B<3>           |Carry          |   23.007|
B<3>           |OVF            |   23.484|
B<3>           |Sum<3>         |    7.667|
B<3>           |Sum<4>         |    8.594|
B<3>           |Sum<5>         |    9.478|
B<3>           |Sum<6>         |   10.064|
B<3>           |Sum<7>         |   11.630|
B<3>           |Sum<8>         |   12.587|
B<3>           |Sum<9>         |   13.809|
B<3>           |Sum<10>        |   14.446|
B<3>           |Sum<11>        |   16.012|
B<3>           |Sum<12>        |   15.997|
B<3>           |Sum<13>        |   17.972|
B<3>           |Sum<14>        |   19.523|
B<3>           |Sum<15>        |   19.485|
B<3>           |Sum<16>        |   20.847|
B<3>           |Sum<17>        |   21.286|
B<3>           |Sum<18>        |   22.032|
B<3>           |Sum<19>        |   22.778|
B<4>           |Carry          |   22.088|
B<4>           |OVF            |   22.565|
B<4>           |Sum<4>         |    7.997|
B<4>           |Sum<5>         |    8.559|
B<4>           |Sum<6>         |    9.145|
B<4>           |Sum<7>         |   10.711|
B<4>           |Sum<8>         |   11.668|
B<4>           |Sum<9>         |   12.890|
B<4>           |Sum<10>        |   13.527|
B<4>           |Sum<11>        |   15.093|
B<4>           |Sum<12>        |   15.078|
B<4>           |Sum<13>        |   17.053|
B<4>           |Sum<14>        |   18.604|
B<4>           |Sum<15>        |   18.566|
B<4>           |Sum<16>        |   19.928|
B<4>           |Sum<17>        |   20.367|
B<4>           |Sum<18>        |   21.113|
B<4>           |Sum<19>        |   21.859|
B<5>           |Carry          |   21.056|
B<5>           |OVF            |   21.533|
B<5>           |Sum<5>         |    7.512|
B<5>           |Sum<6>         |    8.113|
B<5>           |Sum<7>         |    9.679|
B<5>           |Sum<8>         |   10.636|
B<5>           |Sum<9>         |   11.858|
B<5>           |Sum<10>        |   12.495|
B<5>           |Sum<11>        |   14.061|
B<5>           |Sum<12>        |   14.046|
B<5>           |Sum<13>        |   16.021|
B<5>           |Sum<14>        |   17.572|
B<5>           |Sum<15>        |   17.534|
B<5>           |Sum<16>        |   18.896|
B<5>           |Sum<17>        |   19.335|
B<5>           |Sum<18>        |   20.081|
B<5>           |Sum<19>        |   20.827|
B<6>           |Carry          |   19.447|
B<6>           |OVF            |   19.924|
B<6>           |Sum<6>         |    7.789|
B<6>           |Sum<7>         |    8.070|
B<6>           |Sum<8>         |    9.027|
B<6>           |Sum<9>         |   10.249|
B<6>           |Sum<10>        |   10.886|
B<6>           |Sum<11>        |   12.452|
B<6>           |Sum<12>        |   12.437|
B<6>           |Sum<13>        |   14.412|
B<6>           |Sum<14>        |   15.963|
B<6>           |Sum<15>        |   15.925|
B<6>           |Sum<16>        |   17.287|
B<6>           |Sum<17>        |   17.726|
B<6>           |Sum<18>        |   18.472|
B<6>           |Sum<19>        |   19.218|
B<7>           |Carry          |   19.106|
B<7>           |OVF            |   19.583|
B<7>           |Sum<7>         |    7.675|
B<7>           |Sum<8>         |    8.686|
B<7>           |Sum<9>         |    9.908|
B<7>           |Sum<10>        |   10.545|
B<7>           |Sum<11>        |   12.111|
B<7>           |Sum<12>        |   12.096|
B<7>           |Sum<13>        |   14.071|
B<7>           |Sum<14>        |   15.622|
B<7>           |Sum<15>        |   15.584|
B<7>           |Sum<16>        |   16.946|
B<7>           |Sum<17>        |   17.385|
B<7>           |Sum<18>        |   18.131|
B<7>           |Sum<19>        |   18.877|
B<8>           |Carry          |   17.800|
B<8>           |OVF            |   18.277|
B<8>           |Sum<8>         |    7.664|
B<8>           |Sum<9>         |    8.602|
B<8>           |Sum<10>        |    9.239|
B<8>           |Sum<11>        |   10.805|
B<8>           |Sum<12>        |   10.790|
B<8>           |Sum<13>        |   12.765|
B<8>           |Sum<14>        |   14.316|
B<8>           |Sum<15>        |   14.278|
B<8>           |Sum<16>        |   15.640|
B<8>           |Sum<17>        |   16.079|
B<8>           |Sum<18>        |   16.825|
B<8>           |Sum<19>        |   17.571|
B<9>           |Carry          |   17.213|
B<9>           |OVF            |   17.690|
B<9>           |Sum<9>         |    8.460|
B<9>           |Sum<10>        |    8.652|
B<9>           |Sum<11>        |   10.218|
B<9>           |Sum<12>        |   10.203|
B<9>           |Sum<13>        |   12.178|
B<9>           |Sum<14>        |   13.729|
B<9>           |Sum<15>        |   13.691|
B<9>           |Sum<16>        |   15.053|
B<9>           |Sum<17>        |   15.492|
B<9>           |Sum<18>        |   16.238|
B<9>           |Sum<19>        |   16.984|
B<10>          |Carry          |   16.240|
B<10>          |OVF            |   16.717|
B<10>          |Sum<10>        |    7.141|
B<10>          |Sum<11>        |    9.245|
B<10>          |Sum<12>        |    9.230|
B<10>          |Sum<13>        |   11.205|
B<10>          |Sum<14>        |   12.756|
B<10>          |Sum<15>        |   12.718|
B<10>          |Sum<16>        |   14.080|
B<10>          |Sum<17>        |   14.519|
B<10>          |Sum<18>        |   15.265|
B<10>          |Sum<19>        |   16.011|
B<11>          |Carry          |   15.319|
B<11>          |OVF            |   15.796|
B<11>          |Sum<11>        |    8.074|
B<11>          |Sum<12>        |    8.309|
B<11>          |Sum<13>        |   10.284|
B<11>          |Sum<14>        |   11.835|
B<11>          |Sum<15>        |   11.797|
B<11>          |Sum<16>        |   13.159|
B<11>          |Sum<17>        |   13.598|
B<11>          |Sum<18>        |   14.344|
B<11>          |Sum<19>        |   15.090|
B<12>          |Carry          |   14.299|
B<12>          |OVF            |   14.776|
B<12>          |Sum<12>        |    7.080|
B<12>          |Sum<13>        |    9.264|
B<12>          |Sum<14>        |   10.815|
B<12>          |Sum<15>        |   10.777|
B<12>          |Sum<16>        |   12.139|
B<12>          |Sum<17>        |   12.578|
B<12>          |Sum<18>        |   13.324|
B<12>          |Sum<19>        |   14.070|
B<13>          |Carry          |   13.327|
B<13>          |OVF            |   13.804|
B<13>          |Sum<13>        |    8.211|
B<13>          |Sum<14>        |    9.843|
B<13>          |Sum<15>        |    9.805|
B<13>          |Sum<16>        |   11.167|
B<13>          |Sum<17>        |   11.606|
B<13>          |Sum<18>        |   12.352|
B<13>          |Sum<19>        |   13.098|
B<14>          |Carry          |   12.873|
B<14>          |OVF            |   13.350|
B<14>          |Sum<14>        |    7.538|
B<14>          |Sum<15>        |    9.351|
B<14>          |Sum<16>        |   10.713|
B<14>          |Sum<17>        |   11.152|
B<14>          |Sum<18>        |   11.898|
B<14>          |Sum<19>        |   12.644|
B<15>          |Carry          |   11.467|
B<15>          |OVF            |   11.944|
B<15>          |Sum<15>        |    7.250|
B<15>          |Sum<16>        |    9.307|
B<15>          |Sum<17>        |    9.746|
B<15>          |Sum<18>        |   10.492|
B<15>          |Sum<19>        |   11.238|
B<16>          |Carry          |   10.597|
B<16>          |OVF            |   11.074|
B<16>          |Sum<16>        |    7.423|
B<16>          |Sum<17>        |    8.876|
B<16>          |Sum<18>        |    9.622|
B<16>          |Sum<19>        |   10.368|
B<17>          |Carry          |   10.625|
B<17>          |OVF            |   11.102|
B<17>          |Sum<17>        |    8.593|
B<17>          |Sum<18>        |    9.650|
B<17>          |Sum<19>        |   10.396|
B<18>          |Carry          |    9.471|
B<18>          |OVF            |    9.948|
B<18>          |Sum<18>        |    7.853|
B<18>          |Sum<19>        |    9.242|
B<19>          |Carry          |    7.977|
B<19>          |OVF            |    7.358|
B<19>          |Sum<19>        |    7.795|
Cin            |Carry          |   26.205|
Cin            |OVF            |   26.682|
Cin            |Sum<1>         |    9.150|
Cin            |Sum<2>         |    9.342|
Cin            |Sum<3>         |   10.819|
Cin            |Sum<4>         |   11.792|
Cin            |Sum<5>         |   12.676|
Cin            |Sum<6>         |   13.262|
Cin            |Sum<7>         |   14.828|
Cin            |Sum<8>         |   15.785|
Cin            |Sum<9>         |   17.007|
Cin            |Sum<10>        |   17.644|
Cin            |Sum<11>        |   19.210|
Cin            |Sum<12>        |   19.195|
Cin            |Sum<13>        |   21.170|
Cin            |Sum<14>        |   22.721|
Cin            |Sum<15>        |   22.683|
Cin            |Sum<16>        |   24.045|
Cin            |Sum<17>        |   24.484|
Cin            |Sum<18>        |   25.230|
Cin            |Sum<19>        |   25.976|
---------------+---------------+---------+


Analysis completed Wed Dec 16 05:05:26 2020 
--------------------------------------------------------------------------------

Trace Settings:
-------------------------
Trace Settings 

Peak Memory Usage: 177 MB



