EN fa_muser_schem NULL C:/Users/suuser/Xilinx/jerena_lab2/schem.vhf sub00/vhpl00 1606910336
EN cla NULL C:/Users/suuser/Xilinx/jerena_lab2/CLA.vhf sub00/vhpl16 1606909906
EN fa NULL C:/Users/suuser/Xilinx/jerena_lab2/FA.vhf sub00/vhpl04 1606910340
EN cla_muser_cl15 NULL C:/Users/suuser/Xilinx/jerena_lab2/CL15.vhf sub00/vhpl20 1606909890
EN schem NULL C:/Users/suuser/Xilinx/jerena_lab2/schem.vhf sub00/vhpl02 1606910338
AR cla3 behavioral C:/Users/suuser/Xilinx/jerena_lab2/CLA3.vhf sub00/vhpl11 1606909901
AR cl15 behavioral C:/Users/suuser/Xilinx/jerena_lab2/CL15.vhf sub00/vhpl09 1606909897
EN cla_muser_clw2c NULL C:/Users/suuser/Xilinx/jerena_lab2/Clw2c.vhf sub00/vhpl22 1606909902
EN cla_muser_cla3 NULL C:/Users/suuser/Xilinx/jerena_lab2/CLA3.vhf sub00/vhpl18 1606909898
AR fa_muser_schem behavioral C:/Users/suuser/Xilinx/jerena_lab2/schem.vhf sub00/vhpl01 1606910337
AR cla3_muser_cl15 behavioral C:/Users/suuser/Xilinx/jerena_lab2/CL15.vhf sub00/vhpl07 1606909893
AR clw2c behavioral C:/Users/suuser/Xilinx/jerena_lab2/Clw2c.vhf sub00/vhpl15 1606909905
AR fa behavioral C:/Users/suuser/Xilinx/jerena_lab2/FA.vhf sub00/vhpl05 1606910341
EN cl15 NULL C:/Users/suuser/Xilinx/jerena_lab2/CL15.vhf sub00/vhpl08 1606909896
EN cla3_muser_cl15 NULL C:/Users/suuser/Xilinx/jerena_lab2/CL15.vhf sub00/vhpl06 1606909892
AR clw2c_muser_cl15 behavioral C:/Users/suuser/Xilinx/jerena_lab2/CL15.vhf sub00/vhpl13 1606909895
EN clw2c NULL C:/Users/suuser/Xilinx/jerena_lab2/Clw2c.vhf sub00/vhpl14 1606909904
AR cla behavioral C:/Users/suuser/Xilinx/jerena_lab2/CLA.vhf sub00/vhpl17 1606909907
AR cla_muser_clw2c behavioral C:/Users/suuser/Xilinx/jerena_lab2/Clw2c.vhf sub00/vhpl23 1606909903
EN cla3 NULL C:/Users/suuser/Xilinx/jerena_lab2/CLA3.vhf sub00/vhpl10 1606909900
AR schem behavioral C:/Users/suuser/Xilinx/jerena_lab2/schem.vhf sub00/vhpl03 1606910339
AR cla_muser_cla3 behavioral C:/Users/suuser/Xilinx/jerena_lab2/CLA3.vhf sub00/vhpl19 1606909899
AR cla_muser_cl15 behavioral C:/Users/suuser/Xilinx/jerena_lab2/CL15.vhf sub00/vhpl21 1606909891
EN clw2c_muser_cl15 NULL C:/Users/suuser/Xilinx/jerena_lab2/CL15.vhf sub00/vhpl12 1606909894
